{"data":null,"errors":[{"message":"Cannot query field \"notAValidQuery\" on type \"query\".","locations":[{"line":1,"column":3}]}]}