{"data":{"query":{"chartName":"SimpleLine","columns":[{"name":"last_update","type":"Time"},{"name":"total","type":"Number"}],"rows":[{"cells":[{"value":"2016-01-01 00:00:00"},{"value":"1"}]}]}}}