{"data":{"query":{"message":"Error 1146: Table '{{.}}.table_that_does_not_exist' doesn't exist"}}}