{"data":{"query":{"message":"pq: relation \"table_that_does_not_exist\" does not exist"}}}