{"data":{"query":{"chartName":"SimpleBar","columns":[{"name":"initial","type":"Text"},{"name":"total","type":"Number"}],"rows":[{"cells":[{"value":"A"},{"value":"1"}]}]}}}