{"data":{"query":{"chartName":"MultiLine","columns":[{"name":"last_update","type":"Time"},{"name":"first_name","type":"Text"},{"name":"total","type":"Number"}],"rows":[{"cells":[{"value":"2016-01-01 00:00:00"},{"value":"Anna"},{"value":"1"}]}]}}}