{"data":{"question":{"id":"1","query":"select * from answer","title":"the answer is 42"}}}